:p 1 + 2
3

:p let double = lam x: x * 2
   in double 10
20

:p doubleit 3
6

:p let x = unpack iota 100
   in sum (for i: x.i)
4950

:p let vdot x y = sum (for i: x.i * y.i * 2);
       x = unpack iota 3
   in vdot x x
10

:p let x = unpack iota 3;
       y = for i j: x.i * x.j
   in sum (for i: sum (y.i))
9

:p hash 1 3
12453432303214001644

:p randint (hash 0 0) 10
8

:p let x = unpack iota 10000;
       key = hash 0
   in sum (for i: randint (key x.i) 10)
45212

:p f 3
24

:p x
0 0
1 1
2 2
3 3
4 4
5 5
6 6


